Loading chunks & FAISS index ...
Loading weights:   0%|          | 0/71 [00:00<?, ?it/s]Loading weights: 100%|██████████| 71/71 [00:00<00:00, 1522.99it/s]
'[WinError 10060] 由于连接方在一段时间后没有正确答复或连接的主机没有反应，连接尝试失败。' thrown while requesting HEAD https://hf-mirror.com/BAAI/bge-small-zh-v1.5/resolve/main/preprocessor_config.json
Retrying in 1s [Retry 1/5].
'[WinError 10060] 由于连接方在一段时间后没有正确答复或连接的主机没有反应，连接尝试失败。' thrown while requesting HEAD https://hf-mirror.com/BAAI/bge-small-zh-v1.5/resolve/main/preprocessor_config.json
Retrying in 2s [Retry 2/5].
'[WinError 10060] 由于连接方在一段时间后没有正确答复或连接的主机没有反应，连接尝试失败。' thrown while requesting HEAD https://hf-mirror.com/BAAI/bge-small-zh-v1.5/resolve/main/preprocessor_config.json
Retrying in 4s [Retry 3/5].
'_ssl.c:999: The handshake operation timed out' thrown while requesting HEAD https://hf-mirror.com/BAAI/bge-small-zh-v1.5/resolve/main/preprocessor_config.json
Retrying in 8s [Retry 4/5].
'[WinError 10060] 由于连接方在一段时间后没有正确答复或连接的主机没有反应，连接尝试失败。' thrown while requesting HEAD https://hf-mirror.com/BAAI/bge-small-zh-v1.5/resolve/main/preprocessor_config.json
Retrying in 8s [Retry 5/5].
'[WinError 10060] 由于连接方在一段时间后没有正确答复或连接的主机没有反应，连接尝试失败。' thrown while requesting HEAD https://hf-mirror.com/BAAI/bge-small-zh-v1.5/resolve/main/preprocessor_config.json
'[WinError 10060] 由于连接方在一段时间后没有正确答复或连接的主机没有反应，连接尝试失败。' thrown while requesting HEAD https://hf-mirror.com/BAAI/bge-small-zh-v1.5/resolve/main/video_preprocessor_config.json
Retrying in 1s [Retry 1/5].
'[WinError 10060] 由于连接方在一段时间后没有正确答复或连接的主机没有反应，连接尝试失败。' thrown while requesting HEAD https://hf-mirror.com/BAAI/bge-small-zh-v1.5/resolve/main/video_preprocessor_config.json
Retrying in 2s [Retry 2/5].
'[WinError 10060] 由于连接方在一段时间后没有正确答复或连接的主机没有反应，连接尝试失败。' thrown while requesting HEAD https://hf-mirror.com/BAAI/bge-small-zh-v1.5/resolve/main/video_preprocessor_config.json
Retrying in 4s [Retry 3/5].
'_ssl.c:999: The handshake operation timed out' thrown while requesting HEAD https://hf-mirror.com/BAAI/bge-small-zh-v1.5/resolve/main/video_preprocessor_config.json
Retrying in 8s [Retry 4/5].
'_ssl.c:999: The handshake operation timed out' thrown while requesting HEAD https://hf-mirror.com/BAAI/bge-small-zh-v1.5/resolve/main/video_preprocessor_config.json
Retrying in 8s [Retry 5/5].
'[WinError 10060] 由于连接方在一段时间后没有正确答复或连接的主机没有反应，连接尝试失败。' thrown while requesting HEAD https://hf-mirror.com/BAAI/bge-small-zh-v1.5/resolve/main/video_preprocessor_config.json
'[WinError 10060] 由于连接方在一段时间后没有正确答复或连接的主机没有反应，连接尝试失败。' thrown while requesting HEAD https://hf-mirror.com/BAAI/bge-small-zh-v1.5/resolve/main/preprocessor_config.json
Retrying in 1s [Retry 1/5].
